<?xml version="1.0" encoding="utf-8"?>
<TestRun id="69d83ddb-7da7-41cf-949d-bb539d38c75a" name="@thinkpad-t460s 2022-06-17 15:23:53" xmlns="http://microsoft.com/schemas/VisualStudio/TeamTest/2010">
  <Times creation="2022-06-17T15:23:53.2101568+02:00" queuing="2022-06-17T15:23:53.2101569+02:00" start="2022-06-17T15:23:50.4764718+02:00" finish="2022-06-17T15:23:53.3575613+02:00" />
  <TestSettings name="default" id="904cfa06-1c81-4218-828b-9b7c8e9fc69c">
    <Deployment runDeploymentRoot="_thinkpad-t460s_2022-06-17_15_23_53" />
  </TestSettings>
  <Results>
    <UnitTestResult executionId="403fd77e-4a44-4234-a865-aed4459a4995" testId="46bf2de4-561d-6c4b-4335-ef74870385c7" testName="OnTheFlySolverTests.KastingAlt01NotSolvable" computerName="thinkpad-t460s" duration="00:00:00.0033815" startTime="2022-06-17T15:23:53.2581644+02:00" endTime="2022-06-17T15:23:53.2581644+02:00" testType="13cdc9d9-ddb5-4fa4-a97d-d965ccfc6d4b" outcome="Passed" testListId="8c84fa94-04c1-424b-9868-57a2d4851a1d" relativeResultsDirectory="403fd77e-4a44-4234-a865-aed4459a4995" />
    <UnitTestResult executionId="d96dd935-eb42-4e9d-9396-e6d0e91c9e13" testId="097f26ca-d29c-7004-b740-5b1501b4e159" testName="Tests.kasting00" computerName="thinkpad-t460s" duration="00:00:00.1537558" startTime="2022-06-17T15:23:53.1625532+02:00" endTime="2022-06-17T15:23:53.1625534+02:00" testType="13cdc9d9-ddb5-4fa4-a97d-d965ccfc6d4b" outcome="Passed" testListId="8c84fa94-04c1-424b-9868-57a2d4851a1d" relativeResultsDirectory="d96dd935-eb42-4e9d-9396-e6d0e91c9e13" />
    <UnitTestResult executionId="23f2071b-22b5-4752-aa84-1741de3a56de" testId="812bf656-8243-1c93-0387-55fc7b3e413c" testName="LiuSmolkaTests.graphExplorableFromAnyInit" computerName="thinkpad-t460s" duration="00:00:00.0011389" startTime="2022-06-17T15:23:53.0779582+02:00" endTime="2022-06-17T15:23:53.0779582+02:00" testType="13cdc9d9-ddb5-4fa4-a97d-d965ccfc6d4b" outcome="Passed" testListId="8c84fa94-04c1-424b-9868-57a2d4851a1d" relativeResultsDirectory="23f2071b-22b5-4752-aa84-1741de3a56de" />
    <UnitTestResult executionId="d27c662f-70dc-4d65-958a-bc31a1d61957" testId="cc4bd31d-9be1-bfed-aaa6-be430fc829d2" testName="Horn.Tests.simpleFalseHornFormula" computerName="thinkpad-t460s" duration="00:00:00.0469395" startTime="2022-06-17T15:23:53.0778528+02:00" endTime="2022-06-17T15:23:53.0778533+02:00" testType="13cdc9d9-ddb5-4fa4-a97d-d965ccfc6d4b" outcome="Passed" testListId="8c84fa94-04c1-424b-9868-57a2d4851a1d" relativeResultsDirectory="d27c662f-70dc-4d65-958a-bc31a1d61957" />
    <UnitTestResult executionId="d95bba43-912e-47b7-87e9-679ebc9bf4e9" testId="38e8eefa-e478-1bcb-f257-213ebf7db581" testName="Tests.cycleError" computerName="thinkpad-t460s" duration="00:00:00.0007299" startTime="2022-06-17T15:23:53.1974082+02:00" endTime="2022-06-17T15:23:53.1974083+02:00" testType="13cdc9d9-ddb5-4fa4-a97d-d965ccfc6d4b" outcome="Passed" testListId="8c84fa94-04c1-424b-9868-57a2d4851a1d" relativeResultsDirectory="d95bba43-912e-47b7-87e9-679ebc9bf4e9" />
    <UnitTestResult executionId="6a84d8fc-b040-45d9-b70d-f3f8929ddaa3" testId="d23ffe7e-a3a1-68a8-1a7f-53f328d37697" testName="OnTheFlySolverTests.KastingNoSignals06Unsolvable" computerName="thinkpad-t460s" duration="00:00:00.0021254" startTime="2022-06-17T15:23:53.2328348+02:00" endTime="2022-06-17T15:23:53.2328349+02:00" testType="13cdc9d9-ddb5-4fa4-a97d-d965ccfc6d4b" outcome="Passed" testListId="8c84fa94-04c1-424b-9868-57a2d4851a1d" relativeResultsDirectory="6a84d8fc-b040-45d9-b70d-f3f8929ddaa3" />
    <UnitTestResult executionId="9c11d32b-0c0d-49f2-9599-c6fcf7dd45df" testId="45006b6b-6f3b-293d-6f8e-7a2b05f89abf" testName="Tests.branchWellFormed" computerName="thinkpad-t460s" duration="00:00:00.0006204" startTime="2022-06-17T15:23:53.1632876+02:00" endTime="2022-06-17T15:23:53.1632877+02:00" testType="13cdc9d9-ddb5-4fa4-a97d-d965ccfc6d4b" outcome="Passed" testListId="8c84fa94-04c1-424b-9868-57a2d4851a1d" relativeResultsDirectory="9c11d32b-0c0d-49f2-9599-c6fcf7dd45df" />
    <UnitTestResult executionId="e32379a6-28fe-47e4-be31-e90a866a6af6" testId="68395dd5-7ddc-36b8-7519-afdc41357904" testName="LiuSmolkaTests.graphExplorableFromAnyInitAllOne" computerName="thinkpad-t460s" duration="00:00:00.0412109" startTime="2022-06-17T15:23:53.0597582+02:00" endTime="2022-06-17T15:23:53.0598266+02:00" testType="13cdc9d9-ddb5-4fa4-a97d-d965ccfc6d4b" outcome="Passed" testListId="8c84fa94-04c1-424b-9868-57a2d4851a1d" relativeResultsDirectory="e32379a6-28fe-47e4-be31-e90a866a6af6" />
    <UnitTestResult executionId="db7eed7f-fe19-4ea3-b3fe-c19c70312602" testId="0f8873e5-d445-644a-11d9-8e557db3eb36" testName="Tests.linearDuplicate" computerName="thinkpad-t460s" duration="00:00:00.0320402" startTime="2022-06-17T15:23:53.1965688+02:00" endTime="2022-06-17T15:23:53.1965689+02:00" testType="13cdc9d9-ddb5-4fa4-a97d-d965ccfc6d4b" outcome="Passed" testListId="8c84fa94-04c1-424b-9868-57a2d4851a1d" relativeResultsDirectory="db7eed7f-fe19-4ea3-b3fe-c19c70312602" />
    <UnitTestResult executionId="52f72587-52f0-43e4-af83-f8d2a5bfb00f" testId="2390493a-830c-5420-4025-2a8e524ddd6e" testName="LiuSmolkaTests.simpleGraphNotAllExplored" computerName="thinkpad-t460s" duration="00:00:00.0006360" startTime="2022-06-17T15:23:53.0776436+02:00" endTime="2022-06-17T15:23:53.0776436+02:00" testType="13cdc9d9-ddb5-4fa4-a97d-d965ccfc6d4b" outcome="Passed" testListId="8c84fa94-04c1-424b-9868-57a2d4851a1d" relativeResultsDirectory="52f72587-52f0-43e4-af83-f8d2a5bfb00f" />
    <UnitTestResult executionId="e535e772-bb8c-42f5-bdb8-233be74ab781" testId="5897bedb-40c4-947b-a3b1-eafa63457987" testName="OnTheFlySolverTests.Branch05Solvable" computerName="thinkpad-t460s" duration="00:00:00.1459515" startTime="2022-06-17T15:23:53.2305549+02:00" endTime="2022-06-17T15:23:53.2305550+02:00" testType="13cdc9d9-ddb5-4fa4-a97d-d965ccfc6d4b" outcome="Passed" testListId="8c84fa94-04c1-424b-9868-57a2d4851a1d" relativeResultsDirectory="e535e772-bb8c-42f5-bdb8-233be74ab781" />
    <UnitTestResult executionId="440a01f9-583d-4e76-b44f-4a558ee2bac9" testId="ab74a0fe-ca0b-1f1f-a695-4f3bc77c21be" testName="OnTheFlySolverTests.simpleGameSolved" computerName="thinkpad-t460s" duration="00:00:00.0757034" startTime="2022-06-17T15:23:53.1447104+02:00" endTime="2022-06-17T15:23:53.1447105+02:00" testType="13cdc9d9-ddb5-4fa4-a97d-d965ccfc6d4b" outcome="Passed" testListId="8c84fa94-04c1-424b-9868-57a2d4851a1d" relativeResultsDirectory="440a01f9-583d-4e76-b44f-4a558ee2bac9" />
    <UnitTestResult executionId="0ef14688-0cdd-4e40-9233-feb60b13c667" testId="7503bc02-09aa-4593-b18d-acb1e0bf101f" testName="LiuSmolkaTests.simpleGraphAllExporedFromInitNode" computerName="thinkpad-t460s" duration="00:00:00.0003766" startTime="2022-06-17T15:23:53.0781492+02:00" endTime="2022-06-17T15:23:53.0781494+02:00" testType="13cdc9d9-ddb5-4fa4-a97d-d965ccfc6d4b" outcome="Passed" testListId="8c84fa94-04c1-424b-9868-57a2d4851a1d" relativeResultsDirectory="0ef14688-0cdd-4e40-9233-feb60b13c667" />
    <UnitTestResult executionId="90b99329-9317-45cc-9d02-a22dfd4c2024" testId="60613b19-b9f4-9fe5-0494-9e44c9553437" testName="OnTheFlySolverTests.SimpleGameNotSolvable" computerName="thinkpad-t460s" duration="00:00:00.0007963" startTime="2022-06-17T15:23:53.2337354+02:00" endTime="2022-06-17T15:23:53.2337355+02:00" testType="13cdc9d9-ddb5-4fa4-a97d-d965ccfc6d4b" outcome="Passed" testListId="8c84fa94-04c1-424b-9868-57a2d4851a1d" relativeResultsDirectory="90b99329-9317-45cc-9d02-a22dfd4c2024" />
    <UnitTestResult executionId="24cb287d-b281-4aeb-ad7d-ab1c5fa5f484" testId="0a647154-d9b4-2c2f-ceb1-b87ec250c0bd" testName="LiuSmolkaTests.disconnectedExampleSmallArea" computerName="thinkpad-t460s" duration="00:00:00.0005664" startTime="2022-06-17T15:23:53.1441616+02:00" endTime="2022-06-17T15:23:53.1441617+02:00" testType="13cdc9d9-ddb5-4fa4-a97d-d965ccfc6d4b" outcome="Passed" testListId="8c84fa94-04c1-424b-9868-57a2d4851a1d" relativeResultsDirectory="24cb287d-b281-4aeb-ad7d-ab1c5fa5f484" />
    <UnitTestResult executionId="52a2caab-bc17-4031-9ed2-95c078c3e22b" testId="9bea558e-9b0a-9de4-a821-4e4837e13ddb" testName="OnTheFlySolverTests.Lyngby07Solvable" computerName="thinkpad-t460s" duration="00:00:00.0044221" startTime="2022-06-17T15:23:53.2546697+02:00" endTime="2022-06-17T15:23:53.2546698+02:00" testType="13cdc9d9-ddb5-4fa4-a97d-d965ccfc6d4b" outcome="Passed" testListId="8c84fa94-04c1-424b-9868-57a2d4851a1d" relativeResultsDirectory="52a2caab-bc17-4031-9ed2-95c078c3e22b" />
    <UnitTestResult executionId="ee50d833-c71c-43e2-95db-26ad63dbedf2" testId="d9149618-290a-572c-cc2e-067be9f657c5" testName="Tests.linearAndPointWithSameID" computerName="thinkpad-t460s" duration="00:00:00.0036058" startTime="2022-06-17T15:23:53.2011404+02:00" endTime="2022-06-17T15:23:53.2011405+02:00" testType="13cdc9d9-ddb5-4fa4-a97d-d965ccfc6d4b" outcome="Passed" testListId="8c84fa94-04c1-424b-9868-57a2d4851a1d" relativeResultsDirectory="ee50d833-c71c-43e2-95db-26ad63dbedf2" />
    <UnitTestResult executionId="c5244819-c997-4bd5-a24b-8bc825cdbf46" testId="55ca0554-c986-e11d-7736-f44ec48845aa" testName="Horn.Tests.simpleTrueHornFormula" computerName="thinkpad-t460s" duration="00:00:00.0030261" startTime="2022-06-17T15:23:53.1445643+02:00" endTime="2022-06-17T15:23:53.1445644+02:00" testType="13cdc9d9-ddb5-4fa4-a97d-d965ccfc6d4b" outcome="Passed" testListId="8c84fa94-04c1-424b-9868-57a2d4851a1d" relativeResultsDirectory="c5244819-c997-4bd5-a24b-8bc825cdbf46" />
    <UnitTestResult executionId="21f8b8e0-2cdf-4da0-9623-19e0e54c899d" testId="f44b12f4-986c-eab0-30e0-a460f9d204ec" testName="Tests.Lyngby" computerName="thinkpad-t460s" duration="00:00:00.0009863" startTime="2022-06-17T15:23:53.1644016+02:00" endTime="2022-06-17T15:23:53.1644018+02:00" testType="13cdc9d9-ddb5-4fa4-a97d-d965ccfc6d4b" outcome="Passed" testListId="8c84fa94-04c1-424b-9868-57a2d4851a1d" relativeResultsDirectory="21f8b8e0-2cdf-4da0-9623-19e0e54c899d" />
    <UnitTestResult executionId="7b921923-d30f-4e20-b61b-b28bdde9bf88" testId="250b3ceb-6fe5-056c-8bc2-e1d00ec26404" testName="LiuSmolkaTests.disconnectedExampleBigArea" computerName="thinkpad-t460s" duration="00:00:00.0005846" startTime="2022-06-17T15:23:53.0780385+02:00" endTime="2022-06-17T15:23:53.0780386+02:00" testType="13cdc9d9-ddb5-4fa4-a97d-d965ccfc6d4b" outcome="Passed" testListId="8c84fa94-04c1-424b-9868-57a2d4851a1d" relativeResultsDirectory="7b921923-d30f-4e20-b61b-b28bdde9bf88" />
    <UnitTestResult executionId="0dcc304e-7ee8-4864-9cc9-f6fc10ca4d99" testId="09c5c7a4-b39c-c586-68c7-3f3b231a08c2" testName="OnTheFlySolverTests.Kasting00Solved" computerName="thinkpad-t460s" duration="00:00:00.0162658" startTime="2022-06-17T15:23:53.2501183+02:00" endTime="2022-06-17T15:23:53.2501183+02:00" testType="13cdc9d9-ddb5-4fa4-a97d-d965ccfc6d4b" outcome="Passed" testListId="8c84fa94-04c1-424b-9868-57a2d4851a1d" relativeResultsDirectory="0dcc304e-7ee8-4864-9cc9-f6fc10ca4d99" />
  </Results>
  <TestDefinitions>
    <UnitTest name="OnTheFlySolverTests.KastingAlt01NotSolvable" storage="/home/markus/documents/university/bachelor/sem04/bachelor-thesis/alternating-games-solver/src/testsuite/bin/debug/net6.0/testsuite.dll" id="46bf2de4-561d-6c4b-4335-ef74870385c7">
      <Execution id="403fd77e-4a44-4234-a865-aed4459a4995" />
      <TestMethod codeBase="/home/markus/Documents/university/bachelor/sem04/bachelor-thesis/alternating-games-solver/src/TestSuite/bin/Debug/net6.0/TestSuite.dll" adapterTypeName="executor://xunit/VsTestRunner2/netcoreapp" className="OnTheFlySolverTests" name="KastingAlt01NotSolvable" />
    </UnitTest>
    <UnitTest name="Tests.kasting00" storage="/home/markus/documents/university/bachelor/sem04/bachelor-thesis/alternating-games-solver/src/testsuite/bin/debug/net6.0/testsuite.dll" id="097f26ca-d29c-7004-b740-5b1501b4e159">
      <Execution id="d96dd935-eb42-4e9d-9396-e6d0e91c9e13" />
      <TestMethod codeBase="/home/markus/Documents/university/bachelor/sem04/bachelor-thesis/alternating-games-solver/src/TestSuite/bin/Debug/net6.0/TestSuite.dll" adapterTypeName="executor://xunit/VsTestRunner2/netcoreapp" className="Tests" name="kasting00" />
    </UnitTest>
    <UnitTest name="OnTheFlySolverTests.Kasting00Solved" storage="/home/markus/documents/university/bachelor/sem04/bachelor-thesis/alternating-games-solver/src/testsuite/bin/debug/net6.0/testsuite.dll" id="09c5c7a4-b39c-c586-68c7-3f3b231a08c2">
      <Execution id="0dcc304e-7ee8-4864-9cc9-f6fc10ca4d99" />
      <TestMethod codeBase="/home/markus/Documents/university/bachelor/sem04/bachelor-thesis/alternating-games-solver/src/TestSuite/bin/Debug/net6.0/TestSuite.dll" adapterTypeName="executor://xunit/VsTestRunner2/netcoreapp" className="OnTheFlySolverTests" name="Kasting00Solved" />
    </UnitTest>
    <UnitTest name="OnTheFlySolverTests.simpleGameSolved" storage="/home/markus/documents/university/bachelor/sem04/bachelor-thesis/alternating-games-solver/src/testsuite/bin/debug/net6.0/testsuite.dll" id="ab74a0fe-ca0b-1f1f-a695-4f3bc77c21be">
      <Execution id="440a01f9-583d-4e76-b44f-4a558ee2bac9" />
      <TestMethod codeBase="/home/markus/Documents/university/bachelor/sem04/bachelor-thesis/alternating-games-solver/src/TestSuite/bin/Debug/net6.0/TestSuite.dll" adapterTypeName="executor://xunit/VsTestRunner2/netcoreapp" className="OnTheFlySolverTests" name="simpleGameSolved" />
    </UnitTest>
    <UnitTest name="Tests.cycleError" storage="/home/markus/documents/university/bachelor/sem04/bachelor-thesis/alternating-games-solver/src/testsuite/bin/debug/net6.0/testsuite.dll" id="38e8eefa-e478-1bcb-f257-213ebf7db581">
      <Execution id="d95bba43-912e-47b7-87e9-679ebc9bf4e9" />
      <TestMethod codeBase="/home/markus/Documents/university/bachelor/sem04/bachelor-thesis/alternating-games-solver/src/TestSuite/bin/Debug/net6.0/TestSuite.dll" adapterTypeName="executor://xunit/VsTestRunner2/netcoreapp" className="Tests" name="cycleError" />
    </UnitTest>
    <UnitTest name="LiuSmolkaTests.simpleGraphAllExporedFromInitNode" storage="/home/markus/documents/university/bachelor/sem04/bachelor-thesis/alternating-games-solver/src/testsuite/bin/debug/net6.0/testsuite.dll" id="7503bc02-09aa-4593-b18d-acb1e0bf101f">
      <Execution id="0ef14688-0cdd-4e40-9233-feb60b13c667" />
      <TestMethod codeBase="/home/markus/Documents/university/bachelor/sem04/bachelor-thesis/alternating-games-solver/src/TestSuite/bin/Debug/net6.0/TestSuite.dll" adapterTypeName="executor://xunit/VsTestRunner2/netcoreapp" className="LiuSmolkaTests" name="simpleGraphAllExporedFromInitNode" />
    </UnitTest>
    <UnitTest name="OnTheFlySolverTests.Branch05Solvable" storage="/home/markus/documents/university/bachelor/sem04/bachelor-thesis/alternating-games-solver/src/testsuite/bin/debug/net6.0/testsuite.dll" id="5897bedb-40c4-947b-a3b1-eafa63457987">
      <Execution id="e535e772-bb8c-42f5-bdb8-233be74ab781" />
      <TestMethod codeBase="/home/markus/Documents/university/bachelor/sem04/bachelor-thesis/alternating-games-solver/src/TestSuite/bin/Debug/net6.0/TestSuite.dll" adapterTypeName="executor://xunit/VsTestRunner2/netcoreapp" className="OnTheFlySolverTests" name="Branch05Solvable" />
    </UnitTest>
    <UnitTest name="Tests.Lyngby" storage="/home/markus/documents/university/bachelor/sem04/bachelor-thesis/alternating-games-solver/src/testsuite/bin/debug/net6.0/testsuite.dll" id="f44b12f4-986c-eab0-30e0-a460f9d204ec">
      <Execution id="21f8b8e0-2cdf-4da0-9623-19e0e54c899d" />
      <TestMethod codeBase="/home/markus/Documents/university/bachelor/sem04/bachelor-thesis/alternating-games-solver/src/TestSuite/bin/Debug/net6.0/TestSuite.dll" adapterTypeName="executor://xunit/VsTestRunner2/netcoreapp" className="Tests" name="Lyngby" />
    </UnitTest>
    <UnitTest name="Tests.linearDuplicate" storage="/home/markus/documents/university/bachelor/sem04/bachelor-thesis/alternating-games-solver/src/testsuite/bin/debug/net6.0/testsuite.dll" id="0f8873e5-d445-644a-11d9-8e557db3eb36">
      <Execution id="db7eed7f-fe19-4ea3-b3fe-c19c70312602" />
      <TestMethod codeBase="/home/markus/Documents/university/bachelor/sem04/bachelor-thesis/alternating-games-solver/src/TestSuite/bin/Debug/net6.0/TestSuite.dll" adapterTypeName="executor://xunit/VsTestRunner2/netcoreapp" className="Tests" name="linearDuplicate" />
    </UnitTest>
    <UnitTest name="Horn.Tests.simpleTrueHornFormula" storage="/home/markus/documents/university/bachelor/sem04/bachelor-thesis/alternating-games-solver/src/testsuite/bin/debug/net6.0/testsuite.dll" id="55ca0554-c986-e11d-7736-f44ec48845aa">
      <Execution id="c5244819-c997-4bd5-a24b-8bc825cdbf46" />
      <TestMethod codeBase="/home/markus/Documents/university/bachelor/sem04/bachelor-thesis/alternating-games-solver/src/TestSuite/bin/Debug/net6.0/TestSuite.dll" adapterTypeName="executor://xunit/VsTestRunner2/netcoreapp" className="Horn.Tests" name="simpleTrueHornFormula" />
    </UnitTest>
    <UnitTest name="LiuSmolkaTests.disconnectedExampleBigArea" storage="/home/markus/documents/university/bachelor/sem04/bachelor-thesis/alternating-games-solver/src/testsuite/bin/debug/net6.0/testsuite.dll" id="250b3ceb-6fe5-056c-8bc2-e1d00ec26404">
      <Execution id="7b921923-d30f-4e20-b61b-b28bdde9bf88" />
      <TestMethod codeBase="/home/markus/Documents/university/bachelor/sem04/bachelor-thesis/alternating-games-solver/src/TestSuite/bin/Debug/net6.0/TestSuite.dll" adapterTypeName="executor://xunit/VsTestRunner2/netcoreapp" className="LiuSmolkaTests" name="disconnectedExampleBigArea" />
    </UnitTest>
    <UnitTest name="OnTheFlySolverTests.Lyngby07Solvable" storage="/home/markus/documents/university/bachelor/sem04/bachelor-thesis/alternating-games-solver/src/testsuite/bin/debug/net6.0/testsuite.dll" id="9bea558e-9b0a-9de4-a821-4e4837e13ddb">
      <Execution id="52a2caab-bc17-4031-9ed2-95c078c3e22b" />
      <TestMethod codeBase="/home/markus/Documents/university/bachelor/sem04/bachelor-thesis/alternating-games-solver/src/TestSuite/bin/Debug/net6.0/TestSuite.dll" adapterTypeName="executor://xunit/VsTestRunner2/netcoreapp" className="OnTheFlySolverTests" name="Lyngby07Solvable" />
    </UnitTest>
    <UnitTest name="Horn.Tests.simpleFalseHornFormula" storage="/home/markus/documents/university/bachelor/sem04/bachelor-thesis/alternating-games-solver/src/testsuite/bin/debug/net6.0/testsuite.dll" id="cc4bd31d-9be1-bfed-aaa6-be430fc829d2">
      <Execution id="d27c662f-70dc-4d65-958a-bc31a1d61957" />
      <TestMethod codeBase="/home/markus/Documents/university/bachelor/sem04/bachelor-thesis/alternating-games-solver/src/TestSuite/bin/Debug/net6.0/TestSuite.dll" adapterTypeName="executor://xunit/VsTestRunner2/netcoreapp" className="Horn.Tests" name="simpleFalseHornFormula" />
    </UnitTest>
    <UnitTest name="LiuSmolkaTests.simpleGraphNotAllExplored" storage="/home/markus/documents/university/bachelor/sem04/bachelor-thesis/alternating-games-solver/src/testsuite/bin/debug/net6.0/testsuite.dll" id="2390493a-830c-5420-4025-2a8e524ddd6e">
      <Execution id="52f72587-52f0-43e4-af83-f8d2a5bfb00f" />
      <TestMethod codeBase="/home/markus/Documents/university/bachelor/sem04/bachelor-thesis/alternating-games-solver/src/TestSuite/bin/Debug/net6.0/TestSuite.dll" adapterTypeName="executor://xunit/VsTestRunner2/netcoreapp" className="LiuSmolkaTests" name="simpleGraphNotAllExplored" />
    </UnitTest>
    <UnitTest name="LiuSmolkaTests.graphExplorableFromAnyInit" storage="/home/markus/documents/university/bachelor/sem04/bachelor-thesis/alternating-games-solver/src/testsuite/bin/debug/net6.0/testsuite.dll" id="812bf656-8243-1c93-0387-55fc7b3e413c">
      <Execution id="23f2071b-22b5-4752-aa84-1741de3a56de" />
      <TestMethod codeBase="/home/markus/Documents/university/bachelor/sem04/bachelor-thesis/alternating-games-solver/src/TestSuite/bin/Debug/net6.0/TestSuite.dll" adapterTypeName="executor://xunit/VsTestRunner2/netcoreapp" className="LiuSmolkaTests" name="graphExplorableFromAnyInit" />
    </UnitTest>
    <UnitTest name="OnTheFlySolverTests.SimpleGameNotSolvable" storage="/home/markus/documents/university/bachelor/sem04/bachelor-thesis/alternating-games-solver/src/testsuite/bin/debug/net6.0/testsuite.dll" id="60613b19-b9f4-9fe5-0494-9e44c9553437">
      <Execution id="90b99329-9317-45cc-9d02-a22dfd4c2024" />
      <TestMethod codeBase="/home/markus/Documents/university/bachelor/sem04/bachelor-thesis/alternating-games-solver/src/TestSuite/bin/Debug/net6.0/TestSuite.dll" adapterTypeName="executor://xunit/VsTestRunner2/netcoreapp" className="OnTheFlySolverTests" name="SimpleGameNotSolvable" />
    </UnitTest>
    <UnitTest name="Tests.branchWellFormed" storage="/home/markus/documents/university/bachelor/sem04/bachelor-thesis/alternating-games-solver/src/testsuite/bin/debug/net6.0/testsuite.dll" id="45006b6b-6f3b-293d-6f8e-7a2b05f89abf">
      <Execution id="9c11d32b-0c0d-49f2-9599-c6fcf7dd45df" />
      <TestMethod codeBase="/home/markus/Documents/university/bachelor/sem04/bachelor-thesis/alternating-games-solver/src/TestSuite/bin/Debug/net6.0/TestSuite.dll" adapterTypeName="executor://xunit/VsTestRunner2/netcoreapp" className="Tests" name="branchWellFormed" />
    </UnitTest>
    <UnitTest name="LiuSmolkaTests.graphExplorableFromAnyInitAllOne" storage="/home/markus/documents/university/bachelor/sem04/bachelor-thesis/alternating-games-solver/src/testsuite/bin/debug/net6.0/testsuite.dll" id="68395dd5-7ddc-36b8-7519-afdc41357904">
      <Execution id="e32379a6-28fe-47e4-be31-e90a866a6af6" />
      <TestMethod codeBase="/home/markus/Documents/university/bachelor/sem04/bachelor-thesis/alternating-games-solver/src/TestSuite/bin/Debug/net6.0/TestSuite.dll" adapterTypeName="executor://xunit/VsTestRunner2/netcoreapp" className="LiuSmolkaTests" name="graphExplorableFromAnyInitAllOne" />
    </UnitTest>
    <UnitTest name="OnTheFlySolverTests.KastingNoSignals06Unsolvable" storage="/home/markus/documents/university/bachelor/sem04/bachelor-thesis/alternating-games-solver/src/testsuite/bin/debug/net6.0/testsuite.dll" id="d23ffe7e-a3a1-68a8-1a7f-53f328d37697">
      <Execution id="6a84d8fc-b040-45d9-b70d-f3f8929ddaa3" />
      <TestMethod codeBase="/home/markus/Documents/university/bachelor/sem04/bachelor-thesis/alternating-games-solver/src/TestSuite/bin/Debug/net6.0/TestSuite.dll" adapterTypeName="executor://xunit/VsTestRunner2/netcoreapp" className="OnTheFlySolverTests" name="KastingNoSignals06Unsolvable" />
    </UnitTest>
    <UnitTest name="Tests.linearAndPointWithSameID" storage="/home/markus/documents/university/bachelor/sem04/bachelor-thesis/alternating-games-solver/src/testsuite/bin/debug/net6.0/testsuite.dll" id="d9149618-290a-572c-cc2e-067be9f657c5">
      <Execution id="ee50d833-c71c-43e2-95db-26ad63dbedf2" />
      <TestMethod codeBase="/home/markus/Documents/university/bachelor/sem04/bachelor-thesis/alternating-games-solver/src/TestSuite/bin/Debug/net6.0/TestSuite.dll" adapterTypeName="executor://xunit/VsTestRunner2/netcoreapp" className="Tests" name="linearAndPointWithSameID" />
    </UnitTest>
    <UnitTest name="LiuSmolkaTests.disconnectedExampleSmallArea" storage="/home/markus/documents/university/bachelor/sem04/bachelor-thesis/alternating-games-solver/src/testsuite/bin/debug/net6.0/testsuite.dll" id="0a647154-d9b4-2c2f-ceb1-b87ec250c0bd">
      <Execution id="24cb287d-b281-4aeb-ad7d-ab1c5fa5f484" />
      <TestMethod codeBase="/home/markus/Documents/university/bachelor/sem04/bachelor-thesis/alternating-games-solver/src/TestSuite/bin/Debug/net6.0/TestSuite.dll" adapterTypeName="executor://xunit/VsTestRunner2/netcoreapp" className="LiuSmolkaTests" name="disconnectedExampleSmallArea" />
    </UnitTest>
  </TestDefinitions>
  <TestEntries>
    <TestEntry testId="46bf2de4-561d-6c4b-4335-ef74870385c7" executionId="403fd77e-4a44-4234-a865-aed4459a4995" testListId="8c84fa94-04c1-424b-9868-57a2d4851a1d" />
    <TestEntry testId="097f26ca-d29c-7004-b740-5b1501b4e159" executionId="d96dd935-eb42-4e9d-9396-e6d0e91c9e13" testListId="8c84fa94-04c1-424b-9868-57a2d4851a1d" />
    <TestEntry testId="812bf656-8243-1c93-0387-55fc7b3e413c" executionId="23f2071b-22b5-4752-aa84-1741de3a56de" testListId="8c84fa94-04c1-424b-9868-57a2d4851a1d" />
    <TestEntry testId="cc4bd31d-9be1-bfed-aaa6-be430fc829d2" executionId="d27c662f-70dc-4d65-958a-bc31a1d61957" testListId="8c84fa94-04c1-424b-9868-57a2d4851a1d" />
    <TestEntry testId="38e8eefa-e478-1bcb-f257-213ebf7db581" executionId="d95bba43-912e-47b7-87e9-679ebc9bf4e9" testListId="8c84fa94-04c1-424b-9868-57a2d4851a1d" />
    <TestEntry testId="d23ffe7e-a3a1-68a8-1a7f-53f328d37697" executionId="6a84d8fc-b040-45d9-b70d-f3f8929ddaa3" testListId="8c84fa94-04c1-424b-9868-57a2d4851a1d" />
    <TestEntry testId="45006b6b-6f3b-293d-6f8e-7a2b05f89abf" executionId="9c11d32b-0c0d-49f2-9599-c6fcf7dd45df" testListId="8c84fa94-04c1-424b-9868-57a2d4851a1d" />
    <TestEntry testId="68395dd5-7ddc-36b8-7519-afdc41357904" executionId="e32379a6-28fe-47e4-be31-e90a866a6af6" testListId="8c84fa94-04c1-424b-9868-57a2d4851a1d" />
    <TestEntry testId="0f8873e5-d445-644a-11d9-8e557db3eb36" executionId="db7eed7f-fe19-4ea3-b3fe-c19c70312602" testListId="8c84fa94-04c1-424b-9868-57a2d4851a1d" />
    <TestEntry testId="2390493a-830c-5420-4025-2a8e524ddd6e" executionId="52f72587-52f0-43e4-af83-f8d2a5bfb00f" testListId="8c84fa94-04c1-424b-9868-57a2d4851a1d" />
    <TestEntry testId="5897bedb-40c4-947b-a3b1-eafa63457987" executionId="e535e772-bb8c-42f5-bdb8-233be74ab781" testListId="8c84fa94-04c1-424b-9868-57a2d4851a1d" />
    <TestEntry testId="ab74a0fe-ca0b-1f1f-a695-4f3bc77c21be" executionId="440a01f9-583d-4e76-b44f-4a558ee2bac9" testListId="8c84fa94-04c1-424b-9868-57a2d4851a1d" />
    <TestEntry testId="7503bc02-09aa-4593-b18d-acb1e0bf101f" executionId="0ef14688-0cdd-4e40-9233-feb60b13c667" testListId="8c84fa94-04c1-424b-9868-57a2d4851a1d" />
    <TestEntry testId="60613b19-b9f4-9fe5-0494-9e44c9553437" executionId="90b99329-9317-45cc-9d02-a22dfd4c2024" testListId="8c84fa94-04c1-424b-9868-57a2d4851a1d" />
    <TestEntry testId="0a647154-d9b4-2c2f-ceb1-b87ec250c0bd" executionId="24cb287d-b281-4aeb-ad7d-ab1c5fa5f484" testListId="8c84fa94-04c1-424b-9868-57a2d4851a1d" />
    <TestEntry testId="9bea558e-9b0a-9de4-a821-4e4837e13ddb" executionId="52a2caab-bc17-4031-9ed2-95c078c3e22b" testListId="8c84fa94-04c1-424b-9868-57a2d4851a1d" />
    <TestEntry testId="d9149618-290a-572c-cc2e-067be9f657c5" executionId="ee50d833-c71c-43e2-95db-26ad63dbedf2" testListId="8c84fa94-04c1-424b-9868-57a2d4851a1d" />
    <TestEntry testId="55ca0554-c986-e11d-7736-f44ec48845aa" executionId="c5244819-c997-4bd5-a24b-8bc825cdbf46" testListId="8c84fa94-04c1-424b-9868-57a2d4851a1d" />
    <TestEntry testId="f44b12f4-986c-eab0-30e0-a460f9d204ec" executionId="21f8b8e0-2cdf-4da0-9623-19e0e54c899d" testListId="8c84fa94-04c1-424b-9868-57a2d4851a1d" />
    <TestEntry testId="250b3ceb-6fe5-056c-8bc2-e1d00ec26404" executionId="7b921923-d30f-4e20-b61b-b28bdde9bf88" testListId="8c84fa94-04c1-424b-9868-57a2d4851a1d" />
    <TestEntry testId="09c5c7a4-b39c-c586-68c7-3f3b231a08c2" executionId="0dcc304e-7ee8-4864-9cc9-f6fc10ca4d99" testListId="8c84fa94-04c1-424b-9868-57a2d4851a1d" />
  </TestEntries>
  <TestLists>
    <TestList name="Results Not in a List" id="8c84fa94-04c1-424b-9868-57a2d4851a1d" />
    <TestList name="All Loaded Results" id="19431567-8539-422a-85d7-44ee4e166bda" />
  </TestLists>
  <ResultSummary outcome="Completed">
    <Counters total="21" executed="21" passed="21" failed="0" error="0" timeout="0" aborted="0" inconclusive="0" passedButRunAborted="0" notRunnable="0" notExecuted="0" disconnected="0" warning="0" completed="0" inProgress="0" pending="0" />
    <Output>
      <StdOut>[xUnit.net 00:00:00.01] xUnit.net VSTest Adapter v2.4.3+1b45f5407b (64-bit .NET 6.0.5)
[xUnit.net 00:00:00.71]   Discovering: TestSuite
[xUnit.net 00:00:00.79]   Discovered:  TestSuite
[xUnit.net 00:00:00.79]   Starting:    TestSuite
[xUnit.net 00:00:01.16]   Finished:    TestSuite
</StdOut>
    </Output>
  </ResultSummary>
</TestRun>